MPLINK 5.08, LINKER
Linker Map File - Created Wed Mar 15 09:51:32 2017

                                 Section Info
                  Section       Type    Address   Location Size(Bytes)
                ---------  ---------  ---------  ---------  ---------
                 RES_VECT       code   0x000000    program   0x000002
                   .cinit    romdata   0x000001    program   0x000004
                   .org_0       code   0x000005    program   0x000130
.config_2007_BUILD/DEFAULT/PRODUCTION/MAIN.O       code   0x002007    program   0x000002
.config_2008_BUILD/DEFAULT/PRODUCTION/MAIN.O       code   0x002008    program   0x000002



                              Program Memory Usage 
                               Start         End      
                           ---------   ---------      
                            0x000000    0x000002      
                            0x000005    0x00009c      
                            0x002007    0x002008      
            157 out of 8455 program addresses used, program memory utilization is 1%



                              Symbols - Sorted by Name
                     Name    Address   Location    Storage File                     
                ---------  ---------  ---------  --------- ---------                
                     BCCC   0x000053    program     static /media/game/c1570faf-5fe1-4385-acf3-e76653d0f11e/mauricio/IDEAS/cursos2017/u_C/u_c/pic16f887/ESTEROSCOPICA_MATRIZ/main.asm
                     BCDD   0x000051    program     static /media/game/c1570faf-5fe1-4385-acf3-e76653d0f11e/mauricio/IDEAS/cursos2017/u_C/u_c/pic16f887/ESTEROSCOPICA_MATRIZ/main.asm
                    BUCLE   0x000018    program     static /media/game/c1570faf-5fe1-4385-acf3-e76653d0f11e/mauricio/IDEAS/cursos2017/u_C/u_c/pic16f887/ESTEROSCOPICA_MATRIZ/main.asm
                 CONTADOR   0x00005c    program     static /media/game/c1570faf-5fe1-4385-acf3-e76653d0f11e/mauricio/IDEAS/cursos2017/u_C/u_c/pic16f887/ESTEROSCOPICA_MATRIZ/main.asm
                      DOS   0x000069    program     static /media/game/c1570faf-5fe1-4385-acf3-e76653d0f11e/mauricio/IDEAS/cursos2017/u_C/u_c/pic16f887/ESTEROSCOPICA_MATRIZ/main.asm
                      EST   0x000041    program     static /media/game/c1570faf-5fe1-4385-acf3-e76653d0f11e/mauricio/IDEAS/cursos2017/u_C/u_c/pic16f887/ESTEROSCOPICA_MATRIZ/main.asm
                   ESTADO   0x00002b    program     static /media/game/c1570faf-5fe1-4385-acf3-e76653d0f11e/mauricio/IDEAS/cursos2017/u_C/u_c/pic16f887/ESTEROSCOPICA_MATRIZ/main.asm
                ESTEROSCO   0x000030    program     static /media/game/c1570faf-5fe1-4385-acf3-e76653d0f11e/mauricio/IDEAS/cursos2017/u_C/u_c/pic16f887/ESTEROSCOPICA_MATRIZ/main.asm
                  INI74HC   0x000023    program     static /media/game/c1570faf-5fe1-4385-acf3-e76653d0f11e/mauricio/IDEAS/cursos2017/u_C/u_c/pic16f887/ESTEROSCOPICA_MATRIZ/main.asm
                    L74HC   0x00001b    program     static /media/game/c1570faf-5fe1-4385-acf3-e76653d0f11e/mauricio/IDEAS/cursos2017/u_C/u_c/pic16f887/ESTEROSCOPICA_MATRIZ/main.asm
                    MENOR   0x000065    program     static /media/game/c1570faf-5fe1-4385-acf3-e76653d0f11e/mauricio/IDEAS/cursos2017/u_C/u_c/pic16f887/ESTEROSCOPICA_MATRIZ/main.asm
                    MULTI   0x000029    program     static /media/game/c1570faf-5fe1-4385-acf3-e76653d0f11e/mauricio/IDEAS/cursos2017/u_C/u_c/pic16f887/ESTEROSCOPICA_MATRIZ/main.asm
                  NUMEROS   0x000074    program     static /media/game/c1570faf-5fe1-4385-acf3-e76653d0f11e/mauricio/IDEAS/cursos2017/u_C/u_c/pic16f887/ESTEROSCOPICA_MATRIZ/main.asm
                  RETARDO   0x000067    program     static /media/game/c1570faf-5fe1-4385-acf3-e76653d0f11e/mauricio/IDEAS/cursos2017/u_C/u_c/pic16f887/ESTEROSCOPICA_MATRIZ/main.asm
                    START   0x000005    program     static /media/game/c1570faf-5fe1-4385-acf3-e76653d0f11e/mauricio/IDEAS/cursos2017/u_C/u_c/pic16f887/ESTEROSCOPICA_MATRIZ/main.asm
                      TSR   0x000043    program     static /media/game/c1570faf-5fe1-4385-acf3-e76653d0f11e/mauricio/IDEAS/cursos2017/u_C/u_c/pic16f887/ESTEROSCOPICA_MATRIZ/main.asm
                      UNO   0x00006b    program     static /media/game/c1570faf-5fe1-4385-acf3-e76653d0f11e/mauricio/IDEAS/cursos2017/u_C/u_c/pic16f887/ESTEROSCOPICA_MATRIZ/main.asm
             _.org_0_001A   0x00001a    program     static /media/game/c1570faf-5fe1-4385-acf3-e76653d0f11e/mauricio/IDEAS/cursos2017/u_C/u_c/pic16f887/ESTEROSCOPICA_MATRIZ/main.asm
             _.org_0_001D   0x00001d    program     static /media/game/c1570faf-5fe1-4385-acf3-e76653d0f11e/mauricio/IDEAS/cursos2017/u_C/u_c/pic16f887/ESTEROSCOPICA_MATRIZ/main.asm
             _.org_0_002E   0x00002e    program     static /media/game/c1570faf-5fe1-4385-acf3-e76653d0f11e/mauricio/IDEAS/cursos2017/u_C/u_c/pic16f887/ESTEROSCOPICA_MATRIZ/main.asm
             _.org_0_006E   0x00006e    program     static /media/game/c1570faf-5fe1-4385-acf3-e76653d0f11e/mauricio/IDEAS/cursos2017/u_C/u_c/pic16f887/ESTEROSCOPICA_MATRIZ/main.asm



                              Symbols - Sorted by Address
                     Name    Address   Location    Storage File                     
                ---------  ---------  ---------  --------- ---------                
                    START   0x000005    program     static /media/game/c1570faf-5fe1-4385-acf3-e76653d0f11e/mauricio/IDEAS/cursos2017/u_C/u_c/pic16f887/ESTEROSCOPICA_MATRIZ/main.asm
                    BUCLE   0x000018    program     static /media/game/c1570faf-5fe1-4385-acf3-e76653d0f11e/mauricio/IDEAS/cursos2017/u_C/u_c/pic16f887/ESTEROSCOPICA_MATRIZ/main.asm
             _.org_0_001A   0x00001a    program     static /media/game/c1570faf-5fe1-4385-acf3-e76653d0f11e/mauricio/IDEAS/cursos2017/u_C/u_c/pic16f887/ESTEROSCOPICA_MATRIZ/main.asm
                    L74HC   0x00001b    program     static /media/game/c1570faf-5fe1-4385-acf3-e76653d0f11e/mauricio/IDEAS/cursos2017/u_C/u_c/pic16f887/ESTEROSCOPICA_MATRIZ/main.asm
             _.org_0_001D   0x00001d    program     static /media/game/c1570faf-5fe1-4385-acf3-e76653d0f11e/mauricio/IDEAS/cursos2017/u_C/u_c/pic16f887/ESTEROSCOPICA_MATRIZ/main.asm
                  INI74HC   0x000023    program     static /media/game/c1570faf-5fe1-4385-acf3-e76653d0f11e/mauricio/IDEAS/cursos2017/u_C/u_c/pic16f887/ESTEROSCOPICA_MATRIZ/main.asm
                    MULTI   0x000029    program     static /media/game/c1570faf-5fe1-4385-acf3-e76653d0f11e/mauricio/IDEAS/cursos2017/u_C/u_c/pic16f887/ESTEROSCOPICA_MATRIZ/main.asm
                   ESTADO   0x00002b    program     static /media/game/c1570faf-5fe1-4385-acf3-e76653d0f11e/mauricio/IDEAS/cursos2017/u_C/u_c/pic16f887/ESTEROSCOPICA_MATRIZ/main.asm
             _.org_0_002E   0x00002e    program     static /media/game/c1570faf-5fe1-4385-acf3-e76653d0f11e/mauricio/IDEAS/cursos2017/u_C/u_c/pic16f887/ESTEROSCOPICA_MATRIZ/main.asm
                ESTEROSCO   0x000030    program     static /media/game/c1570faf-5fe1-4385-acf3-e76653d0f11e/mauricio/IDEAS/cursos2017/u_C/u_c/pic16f887/ESTEROSCOPICA_MATRIZ/main.asm
                      EST   0x000041    program     static /media/game/c1570faf-5fe1-4385-acf3-e76653d0f11e/mauricio/IDEAS/cursos2017/u_C/u_c/pic16f887/ESTEROSCOPICA_MATRIZ/main.asm
                      TSR   0x000043    program     static /media/game/c1570faf-5fe1-4385-acf3-e76653d0f11e/mauricio/IDEAS/cursos2017/u_C/u_c/pic16f887/ESTEROSCOPICA_MATRIZ/main.asm
                     BCDD   0x000051    program     static /media/game/c1570faf-5fe1-4385-acf3-e76653d0f11e/mauricio/IDEAS/cursos2017/u_C/u_c/pic16f887/ESTEROSCOPICA_MATRIZ/main.asm
                     BCCC   0x000053    program     static /media/game/c1570faf-5fe1-4385-acf3-e76653d0f11e/mauricio/IDEAS/cursos2017/u_C/u_c/pic16f887/ESTEROSCOPICA_MATRIZ/main.asm
                 CONTADOR   0x00005c    program     static /media/game/c1570faf-5fe1-4385-acf3-e76653d0f11e/mauricio/IDEAS/cursos2017/u_C/u_c/pic16f887/ESTEROSCOPICA_MATRIZ/main.asm
                    MENOR   0x000065    program     static /media/game/c1570faf-5fe1-4385-acf3-e76653d0f11e/mauricio/IDEAS/cursos2017/u_C/u_c/pic16f887/ESTEROSCOPICA_MATRIZ/main.asm
                  RETARDO   0x000067    program     static /media/game/c1570faf-5fe1-4385-acf3-e76653d0f11e/mauricio/IDEAS/cursos2017/u_C/u_c/pic16f887/ESTEROSCOPICA_MATRIZ/main.asm
                      DOS   0x000069    program     static /media/game/c1570faf-5fe1-4385-acf3-e76653d0f11e/mauricio/IDEAS/cursos2017/u_C/u_c/pic16f887/ESTEROSCOPICA_MATRIZ/main.asm
                      UNO   0x00006b    program     static /media/game/c1570faf-5fe1-4385-acf3-e76653d0f11e/mauricio/IDEAS/cursos2017/u_C/u_c/pic16f887/ESTEROSCOPICA_MATRIZ/main.asm
             _.org_0_006E   0x00006e    program     static /media/game/c1570faf-5fe1-4385-acf3-e76653d0f11e/mauricio/IDEAS/cursos2017/u_C/u_c/pic16f887/ESTEROSCOPICA_MATRIZ/main.asm
                  NUMEROS   0x000074    program     static /media/game/c1570faf-5fe1-4385-acf3-e76653d0f11e/mauricio/IDEAS/cursos2017/u_C/u_c/pic16f887/ESTEROSCOPICA_MATRIZ/main.asm


