MPLINK 5.08, LINKER
Linker Map File - Created Wed Oct 25 14:20:50 2017

                                 Section Info
                  Section       Type    Address   Location Size(Bytes)
                ---------  ---------  ---------  ---------  ---------
                 RES_VECT       code   0x000000    program   0x000002
                   .cinit    romdata   0x000001    program   0x000004
                 INT_VECT       code   0x000004    program   0x000002
                MAIN_PROG       code   0x000005    program   0x00003c
                   .org_1       code   0x000100    program   0x000016
.config_2007_BUILD/DEFAULT/PRODUCTION/_EXT/18       code   0x002007    program   0x000002
.config_2008_BUILD/DEFAULT/PRODUCTION/_EXT/18       code   0x002008    program   0x000002



                              Program Memory Usage 
                               Start         End      
                           ---------   ---------      
                            0x000000    0x000002      
                            0x000004    0x000022      
                            0x000100    0x00010a      
                            0x002007    0x002008      
            47 out of 8455 program addresses used, program memory utilization is 0%



                              Symbols - Sorted by Name
                     Name    Address   Location    Storage File                     
                ---------  ---------  ---------  --------- ---------                
             INTERRUPCION   0x000100    program     static /media/game/c1570faf-5fe1-4385-acf3-e76653d0f11e/mauricio/cursos2017/u_C/u_c/pic16f887/2017_2/main.asm
                     LOOP   0x00001b    program     static /media/game/c1570faf-5fe1-4385-acf3-e76653d0f11e/mauricio/cursos2017/u_C/u_c/pic16f887/2017_2/main.asm
                   LOOP_1   0x000019    program     static /media/game/c1570faf-5fe1-4385-acf3-e76653d0f11e/mauricio/cursos2017/u_C/u_c/pic16f887/2017_2/main.asm
                   LOOP_3   0x000014    program     static /media/game/c1570faf-5fe1-4385-acf3-e76653d0f11e/mauricio/cursos2017/u_C/u_c/pic16f887/2017_2/main.asm
                  RETARDO   0x000017    program     static /media/game/c1570faf-5fe1-4385-acf3-e76653d0f11e/mauricio/cursos2017/u_C/u_c/pic16f887/2017_2/main.asm
                    START   0x000005    program     static /media/game/c1570faf-5fe1-4385-acf3-e76653d0f11e/mauricio/cursos2017/u_C/u_c/pic16f887/2017_2/main.asm



                              Symbols - Sorted by Address
                     Name    Address   Location    Storage File                     
                ---------  ---------  ---------  --------- ---------                
                    START   0x000005    program     static /media/game/c1570faf-5fe1-4385-acf3-e76653d0f11e/mauricio/cursos2017/u_C/u_c/pic16f887/2017_2/main.asm
                   LOOP_3   0x000014    program     static /media/game/c1570faf-5fe1-4385-acf3-e76653d0f11e/mauricio/cursos2017/u_C/u_c/pic16f887/2017_2/main.asm
                  RETARDO   0x000017    program     static /media/game/c1570faf-5fe1-4385-acf3-e76653d0f11e/mauricio/cursos2017/u_C/u_c/pic16f887/2017_2/main.asm
                   LOOP_1   0x000019    program     static /media/game/c1570faf-5fe1-4385-acf3-e76653d0f11e/mauricio/cursos2017/u_C/u_c/pic16f887/2017_2/main.asm
                     LOOP   0x00001b    program     static /media/game/c1570faf-5fe1-4385-acf3-e76653d0f11e/mauricio/cursos2017/u_C/u_c/pic16f887/2017_2/main.asm
             INTERRUPCION   0x000100    program     static /media/game/c1570faf-5fe1-4385-acf3-e76653d0f11e/mauricio/cursos2017/u_C/u_c/pic16f887/2017_2/main.asm


