Microchip MPLAB XC8 Compiler V1.35 ()

Linker command line:

-W-3 --edf=/opt/microchip/xc8/v1.35/dat/en_msgs.txt -cs \
  -h+dist/default/production/timer_0.production.sym \
  --cmf=dist/default/production/timer_0.production.cmf -z -Q18F4550 \
  -o/tmp/xcXSIOZQ6 -Mdist/default/production/timer_0.production.map -E1 \
  -ver=XC8 -ASTACK=060h-07ffh -pstack=STACK -ACODE=00h-07FFFh \
  -ACONST=00h-07FFFh -ASMALLCONST=0800h-08FFhx120 \
  -AMEDIUMCONST=0800h-07FFFh -ACOMRAM=01h-05Fh -AABS1=00h-07FFh \
  -ABIGRAM=01h-07FFh -ARAM=060h-0FFh,0100h-01FFhx7 -ABANK0=060h-0FFh \
  -ABANK1=0100h-01FFh -ABANK2=0200h-02FFh -ABANK3=0300h-03FFh \
  -ABANK4=0400h-04FFh -ABANK5=0500h-05FFh -ABANK6=0600h-06FFh \
  -ABANK7=0700h-07FFh -ASFR=0F60h-0FFFh \
  -preset_vec=00h,intcode,intcodelo,powerup,init,end_init -pramtop=0800h \
  -psmallconst=SMALLCONST -pmediumconst=MEDIUMCONST -pconst=CONST \
  -AFARRAM=00h-00h -ACONFIG=0300000h-030000Dh -pconfig=CONFIG \
  -AIDLOC=0200000h-0200007h -pidloc=IDLOC -AEEDATA=0F00000h-0F000FFh \
  -peeprom_data=EEDATA \
  -prdata=COMRAM,nvrram=COMRAM,nvbit=COMRAM,rbss=COMRAM,rbit=COMRAM \
  -pfarbss=FARRAM,fardata=FARRAM,nvFARRAM=FARRAM \
  -pintsave_regs=BIGRAM,bigbss=BIGRAM,bigdata=BIGRAM -pbss=RAM \
  -pidata=CODE,irdata=CODE,ibigdata=CODE,ifardata=CODE -prparam=COMRAM \
  /tmp/xcXRfsUPq.obj dist/default/production/timer_0.production.obj 

Object code version is 3.11

Machine type is 18F4550

Call graph: (short form)




                Name                               Link     Load   Length Selector   Space Scale
/tmp/xcXRfsUPq.obj
                end_init                              0        0        4        0       0
                idloc                            200000   200000        8   200000       0
                config                           300000   300000        E   300000       0
dist/default/production/timer_0.production.obj
                text10                             7A7C     7A7C        E     3D3E       0
                text9                              7A72     7A72        A     3D39       0
                text8                              7AAC     7AAC       18     3D56       0
                text7                              7A6A     7A6A        8     3D35       0
                text6                              7A8A     7A8A        E     3D45       0
                text5                              7B74     7B74       82     3DBA       0
                text4                              7AC4     7AC4       56     3D62       0
                text3                              7BF6     7BF6      40A     3DFB       0
                text2                              7A62     7A62        4     3D31       0
                text1                              7A66     7A66        4     3D33       0
                text0                              7B1A     7B1A       5A     3D8D       0
                cstackCOMRAM                          1        1       22        1       1
                bssCOMRAM                            23       23        5        1       1
                cinit                              7A98     7A98       14     3D4C       0
                nvCOMRAM                             28       28        4        1       1

TOTAL           Name                               Link     Load   Length     Space
        CLASS   STACK          

        CLASS   CODE           
                end_init                              0        0        4         0
                text10                             7A7C     7A7C        E         0
                text9                              7A72     7A72        A         0
                text8                              7AAC     7AAC       18         0
                text7                              7A6A     7A6A        8         0
                text6                              7A8A     7A8A        E         0
                text5                              7B74     7B74       82         0
                text4                              7AC4     7AC4       56         0
                text3                              7BF6     7BF6      40A         0
                text2                              7A62     7A62        4         0
                text1                              7A66     7A66        4         0
                text0                              7B1A     7B1A       5A         0
                cinit                              7A98     7A98       14         0

        CLASS   CONST          

        CLASS   SMALLCONST     

        CLASS   MEDIUMCONST    

        CLASS   COMRAM         
                cstackCOMRAM                          1        1       22         1
                bssCOMRAM                            23       23        5         1
                nvCOMRAM                             28       28        4         1

        CLASS   ABS1           

        CLASS   BIGRAM         

        CLASS   RAM            

        CLASS   BANK0          

        CLASS   BANK1          

        CLASS   BANK2          

        CLASS   BANK3          

        CLASS   BANK4          

        CLASS   BANK5          

        CLASS   BANK6          

        CLASS   BANK7          

        CLASS   SFR            

        CLASS   FARRAM         

        CLASS   CONFIG         
                config                           300000   300000        E         0

        CLASS   IDLOC          
                idloc                            200000   200000        8         0

        CLASS   EEDATA         



SEGMENTS        Name                           Load    Length   Top    Selector   Space  Class

                reset_vec                      000000  000004  000004         0       0  CODE    
                cstackCOMRAM                   000001  00002B  00002C         1       1  COMRAM  
                text2                          007A62  000004  007A66      3D31       0  CODE    
                text1                          007A66  000004  007A6A      3D33       0  CODE    
                text7                          007A6A  000008  007A72      3D35       0  CODE    
                text9                          007A72  00000A  007A7C      3D39       0  CODE    
                text10                         007A7C  00000E  007A8A      3D3E       0  CODE    
                text6                          007A8A  00000E  007A98      3D45       0  CODE    
                cinit                          007A98  000014  007AAC      3D4C       0  CODE    
                text8                          007AAC  000018  007AC4      3D56       0  CODE    
                text4                          007AC4  000056  007B1A      3D62       0  CODE    
                text0                          007B1A  00005A  007B74      3D8D       0  CODE    
                text5                          007B74  000082  007BF6      3DBA       0  CODE    
                text3                          007BF6  00040A  008000      3DFB       0  CODE    
                idloc                          200000  000008  200008    200000       0  IDLOC   
                config                         300000  00000E  30000E    300000       0  CONFIG  


UNUSED ADDRESS RANGES

        Name                Unused          Largest block    Delta
        BANK0            000060-0000FF               A0
        BANK1            000100-0001FF              100
        BANK2            000200-0002FF              100
        BANK3            000300-0003FF              100
        BANK4            000400-0004FF              100
        BANK5            000500-0005FF              100
        BANK6            000600-0006FF              100
        BANK7            000700-0007FF              100
        BIGRAM           00002C-0007FF              7D4
        CODE             000004-007A61             7A5E
        COMRAM           00002C-00005F               34
        CONST            000004-007A61             7A5E
        EEDATA           F00000-F000FF              100
        MEDIUMCONST      000800-007A61             7262
        RAM              000060-0007FF              100
        SFR              000F60-000FFF               A0
        SMALLCONST       000800-007A61              100
        STACK            000060-0007FF              7A0

                                  Symbol Table

?___lldiv                cstackCOMRAM 00000D
?___lmul                 cstackCOMRAM 000001
_INTCONbits              (abs)        000FF2
_OSCCONbits              (abs)        000FD3
_PORTC                   (abs)        000F82
_PORTD                   (abs)        000F83
_T0CONbits               (abs)        000FD5
_TMR0H                   (abs)        000FD7
_TMR0L                   (abs)        000FD6
_TRISC                   (abs)        000F94
_TRISD                   (abs)        000F95
__CFG_BOR$ON             (abs)        000000
__CFG_BORV$3             (abs)        000000
__CFG_CCP2MX$ON          (abs)        000000
__CFG_CP0$OFF            (abs)        000000
__CFG_CP1$OFF            (abs)        000000
__CFG_CP2$OFF            (abs)        000000
__CFG_CP3$OFF            (abs)        000000
__CFG_CPB$OFF            (abs)        000000
__CFG_CPD$OFF            (abs)        000000
__CFG_CPUDIV$OSC1_PLL2   (abs)        000000
__CFG_EBTR0$OFF          (abs)        000000
__CFG_EBTR1$OFF          (abs)        000000
__CFG_EBTR2$OFF          (abs)        000000
__CFG_EBTR3$OFF          (abs)        000000
__CFG_EBTRB$OFF          (abs)        000000
__CFG_FCMEN$OFF          (abs)        000000
__CFG_FOSC$INTOSC_EC     (abs)        000000
__CFG_ICPRT$OFF          (abs)        000000
__CFG_IESO$OFF           (abs)        000000
__CFG_LPT1OSC$OFF        (abs)        000000
__CFG_LVP$ON             (abs)        000000
__CFG_MCLRE$ON           (abs)        000000
__CFG_PBADEN$ON          (abs)        000000
__CFG_PLLDIV$1           (abs)        000000
__CFG_PWRT$OFF           (abs)        000000
__CFG_STVREN$ON          (abs)        000000
__CFG_USBDIV$1           (abs)        000000
__CFG_VREGEN$OFF         (abs)        000000
__CFG_WDT$OFF            (abs)        000000
__CFG_WDTPS$32768        (abs)        000000
__CFG_WRT0$OFF           (abs)        000000
__CFG_WRT1$OFF           (abs)        000000
__CFG_WRT2$OFF           (abs)        000000
__CFG_WRT3$OFF           (abs)        000000
__CFG_WRTB$OFF           (abs)        000000
__CFG_WRTC$OFF           (abs)        000000
__CFG_WRTD$OFF           (abs)        000000
__CFG_XINST$OFF          (abs)        000000
__HRAM                   (abs)        000000
__Habs1                  abs1         000000
__Hbank0                 bank0        000000
__Hbank1                 bank1        000000
__Hbank2                 bank2        000000
__Hbank3                 bank3        000000
__Hbank4                 bank4        000000
__Hbank5                 bank5        000000
__Hbank6                 bank6        000000
__Hbank7                 bank7        000000
__Hbigbss                bigbss       000000
__Hbigdata               bigdata      000000
__Hbigram                bigram       000000
__Hbss                   bss          000000
__HbssCOMRAM             bssCOMRAM    000000
__Hcinit                 cinit        000000
__Hclrtext               clrtext      000000
__Hcomram                comram       000000
__Hconfig                config       30000E
__Hconst                 const        000000
__HcstackCOMRAM          cstackCOMRAM 000000
__Hdata                  data         000000
__Heeprom_data           eeprom_data  000000
__Hend_init              end_init     000004
__Hfarbss                farbss       000000
__Hfardata               fardata      000000
__Hibigdata              ibigdata     000000
__Hidata                 idata        000000
__Hidloc                 idloc        200008
__Hifardata              ifardata     000000
__Hinit                  init         000000
__Hintcode               intcode      000000
__Hintcode_body          intcode_body 000000
__Hintcodelo             intcodelo    000000
__Hintentry              intentry     000000
__Hintret                intret       000000
__Hintsave_regs          intsave_regs 000000
__Hirdata                irdata       000000
__Hmediumconst           mediumconst  000000
__HnvCOMRAM              nvCOMRAM     000000
__HnvFARRAM              nvFARRAM     000000
__Hnvbit                 nvbit        000000
__Hnvrram                nvrram       000000
__Hparam                 rparam       000000
__Hpowerup               powerup      000000
__Hram                   ram          000000
__Hramtop                ramtop       000800
__Hrbit                  rbit         000000
__Hrbss                  rbss         000000
__Hrdata                 rdata        000000
__Hreset_vec             reset_vec    000000
__Hrparam                rparam       000000
__Hsfr                   sfr          000000
__Hsmallconst            smallconst   000000
__Hspace_0               (abs)        30000E
__Hspace_1               (abs)        00002C
__Hspace_2               (abs)        000000
__Hstack                 stack        000000
__Hstruct                struct       000000
__Htemp                  temp         000000
__Htext                  text         000000
__Htext0                 text0        000000
__Htext1                 text1        000000
__Htext10                text10       000000
__Htext2                 text2        000000
__Htext3                 text3        000000
__Htext4                 text4        000000
__Htext5                 text5        000000
__Htext6                 text6        000000
__Htext7                 text7        000000
__Htext8                 text8        000000
__Htext9                 text9        000000
__LRAM                   (abs)        000001
__Labs1                  abs1         000000
__Lbank0                 bank0        000000
__Lbank1                 bank1        000000
__Lbank2                 bank2        000000
__Lbank3                 bank3        000000
__Lbank4                 bank4        000000
__Lbank5                 bank5        000000
__Lbank6                 bank6        000000
__Lbank7                 bank7        000000
__Lbigbss                bigbss       000000
__Lbigdata               bigdata      000000
__Lbigram                bigram       000000
__Lbss                   bss          000000
__LbssCOMRAM             bssCOMRAM    000000
__Lcinit                 cinit        000000
__Lclrtext               clrtext      000000
__Lcomram                comram       000000
__Lconfig                config       300000
__Lconst                 const        000000
__LcstackCOMRAM          cstackCOMRAM 000000
__Ldata                  data         000000
__Leeprom_data           eeprom_data  000000
__Lend_init              end_init     000000
__Lfarbss                farbss       000000
__Lfardata               fardata      000000
__Libigdata              ibigdata     000000
__Lidata                 idata        000000
__Lidloc                 idloc        200000
__Lifardata              ifardata     000000
__Linit                  init         000000
__Lintcode               intcode      000000
__Lintcode_body          intcode_body 000000
__Lintcodelo             intcodelo    000000
__Lintentry              intentry     000000
__Lintret                intret       000000
__Lintsave_regs          intsave_regs 000000
__Lirdata                irdata       000000
__Lmediumconst           mediumconst  000000
__LnvCOMRAM              nvCOMRAM     000000
__LnvFARRAM              nvFARRAM     000000
__Lnvbit                 nvbit        000000
__Lnvrram                nvrram       000000
__Lparam                 rparam       000000
__Lpowerup               powerup      000000
__Lram                   ram          000000
__Lramtop                ramtop       000800
__Lrbit                  rbit         000000
__Lrbss                  rbss         000000
__Lrdata                 rdata        000000
__Lreset_vec             reset_vec    000000
__Lrparam                rparam       000000
__Lsfr                   sfr          000000
__Lsmallconst            smallconst   000000
__Lspace_0               (abs)        000000
__Lspace_1               (abs)        000000
__Lspace_2               (abs)        000000
__Lstack                 stack        000000
__Lstruct                struct       000000
__Ltemp                  temp         000000
__Ltext                  text         000000
__Ltext0                 text0        000000
__Ltext1                 text1        000000
__Ltext10                text10       000000
__Ltext2                 text2        000000
__Ltext3                 text3        000000
__Ltext4                 text4        000000
__Ltext5                 text5        000000
__Ltext6                 text6        000000
__Ltext7                 text7        000000
__Ltext8                 text8        000000
__Ltext9                 text9        000000
__S0                     (abs)        30000E
__S1                     (abs)        00002C
__S2                     (abs)        000000
___inthi_sp              stack        000000
___intlo_sp              stack        000000
___lldiv                 text5        007B74
___lldiv@counter         cstackCOMRAM 000019
___lldiv@dividend        cstackCOMRAM 00000D
___lldiv@divisor         cstackCOMRAM 000011
___lldiv@quotient        cstackCOMRAM 000015
___lmul                  text4        007AC4
___lmul@multiplicand     cstackCOMRAM 000005
___lmul@multiplier       cstackCOMRAM 000001
___lmul@product          cstackCOMRAM 000009
___param_bank            (abs)        000010
___rparam_used           (abs)        000001
___sp                    stack        000000
__accesstop              (abs)        000060
__activetblptr           (abs)        000002
__end_of___lldiv         text5        007BF6
__end_of___lmul          text4        007B1A
__end_of__initialization cinit        007AA2
__end_of_flag_time       text8        007AC4
__end_of_init_timer      text10       007A8A
__end_of_main            text0        007B74
__end_of_set_clock       text7        007A72
__end_of_set_port        text6        007A98
__end_of_set_time        text9        007A7C
__end_of_set_timer       text3        008000
__end_of_toggle_c        text2        007A66
__end_of_toggle_d        text1        007A6A
__initialization         cinit        007A98
__mediumconst            mediumconst  000000
__pbssCOMRAM             bssCOMRAM    000023
__pcinit                 cinit        007A98
__pcstackCOMRAM          cstackCOMRAM 000001
__pnvCOMRAM              nvCOMRAM     000028
__ptext0                 text0        007B1A
__ptext1                 text1        007A66
__ptext10                text10       007A7C
__ptext2                 text2        007A62
__ptext3                 text3        007BF6
__ptext4                 text4        007AC4
__ptext5                 text5        007B74
__ptext6                 text6        007A8A
__ptext7                 text7        007A6A
__ptext8                 text8        007AAC
__ptext9                 text9        007A72
__ramtop                 ramtop       000800
__size_of___lldiv        (abs)        000000
__size_of___lmul         (abs)        000000
__size_of_flag_time      (abs)        000000
__size_of_init_timer     (abs)        000000
__size_of_main           (abs)        000000
__size_of_set_clock      (abs)        000000
__size_of_set_port       (abs)        000000
__size_of_set_time       (abs)        000000
__size_of_set_timer      (abs)        000000
__size_of_toggle_c       (abs)        000000
__size_of_toggle_d       (abs)        000000
__smallconst             smallconst   000000
_flag_c                  bssCOMRAM    000023
_flag_d                  bssCOMRAM    000024
_flag_p                  bssCOMRAM    000025
_flag_time               text8        007AAC
_init_timer              text10       007A7C
_main                    text0        007B1A
_periodo                 nvCOMRAM     000028
_set_clock               text7        007A6A
_set_port                text6        007A8A
_set_time                text9        007A72
_set_timer               text3        007BF6
_th                      bssCOMRAM    000026
_tl                      bssCOMRAM    000027
_toggle_c                text2        007A62
_toggle_d                text1        007A66
end_of_initialization    cinit        007AA2
init_timer@state         cstackCOMRAM 000001
intlevel0                text         000000
intlevel1                text         000000
intlevel2                text         000000
intlevel3                text         000000
set_timer@aux            cstackCOMRAM 00001F
set_timer@t              cstackCOMRAM 000021
set_timer@time           cstackCOMRAM 00001A
set_timer@unidad         cstackCOMRAM 00001E
stackhi                  (abs)        0007FF
stacklo                  (abs)        000060
start                    init         000000
start_initialization     cinit        007A98


FUNCTION INFORMATION:

 *************** function _main *****************
 Defined at:
		line 31 in file "main.c"
 Parameters:    Size  Location     Type
		None
 Auto vars:     Size  Location     Type
		None
 Return value:  Size  Location     Type
		None               void
 Registers used:
		wreg, status,2, status,0, cstack
 Tracked objects:
		On entry : 
		On exit  : 
		Unchanged: 
 Data sizes:     COMRAM   BANK0   BANK1   BANK2   BANK3   BANK4   BANK5   BANK6   BANK7
      Params:         0       0       0       0       0       0       0       0       0
      Locals:         0       0       0       0       0       0       0       0       0
      Temps:          0       0       0       0       0       0       0       0       0
      Totals:         0       0       0       0       0       0       0       0       0
Total ram usage:        0 bytes
 Hardware stack levels required when called:    2
 This function calls:
		_flag_time
		_init_timer
		_set_clock
		_set_port
		_set_timer
		_toggle_c
		_toggle_d
 This function is called by:
		Startup code after reset
 This function uses a non-reentrant model


 *************** function _toggle_d *****************
 Defined at:
		line 24 in file "main.c"
 Parameters:    Size  Location     Type
		None
 Auto vars:     Size  Location     Type
		None
 Return value:  Size  Location     Type
		None               void
 Registers used:
		status,2, status,0
 Tracked objects:
		On entry : 
		On exit  : 
		Unchanged: 
 Data sizes:     COMRAM   BANK0   BANK1   BANK2   BANK3   BANK4   BANK5   BANK6   BANK7
      Params:         0       0       0       0       0       0       0       0       0
      Locals:         0       0       0       0       0       0       0       0       0
      Temps:          0       0       0       0       0       0       0       0       0
      Totals:         0       0       0       0       0       0       0       0       0
Total ram usage:        0 bytes
 Hardware stack levels used:    1
 This function calls:
		Nothing
 This function is called by:
		_main
 This function uses a non-reentrant model


 *************** function _toggle_c *****************
 Defined at:
		line 28 in file "main.c"
 Parameters:    Size  Location     Type
		None
 Auto vars:     Size  Location     Type
		None
 Return value:  Size  Location     Type
		None               void
 Registers used:
		status,2, status,0
 Tracked objects:
		On entry : 
		On exit  : 
		Unchanged: 
 Data sizes:     COMRAM   BANK0   BANK1   BANK2   BANK3   BANK4   BANK5   BANK6   BANK7
      Params:         0       0       0       0       0       0       0       0       0
      Locals:         0       0       0       0       0       0       0       0       0
      Temps:          0       0       0       0       0       0       0       0       0
      Totals:         0       0       0       0       0       0       0       0       0
Total ram usage:        0 bytes
 Hardware stack levels used:    1
 This function calls:
		Nothing
 This function is called by:
		_main
 This function uses a non-reentrant model


 *************** function _set_timer *****************
 Defined at:
		line 15 in file "timer_0.c"
 Parameters:    Size  Location     Type
  time            4   25[COMRAM] unsigned long 
  unidad          1   29[COMRAM] unsigned char 
 Auto vars:     Size  Location     Type
  t               2   32[COMRAM] unsigned int 
  aux             2   30[COMRAM] unsigned int 
 Return value:  Size  Location     Type
		None               void
 Registers used:
		wreg, status,2, status,0, cstack
 Tracked objects:
		On entry : 
		On exit  : 
		Unchanged: 
 Data sizes:     COMRAM   BANK0   BANK1   BANK2   BANK3   BANK4   BANK5   BANK6   BANK7
      Params:         5       0       0       0       0       0       0       0       0
      Locals:         4       0       0       0       0       0       0       0       0
      Temps:          0       0       0       0       0       0       0       0       0
      Totals:         9       0       0       0       0       0       0       0       0
Total ram usage:        9 bytes
 Hardware stack levels used:    1
 Hardware stack levels required when called:    1
 This function calls:
		___lldiv
		___lmul
		_set_time
 This function is called by:
		_main
 This function uses a non-reentrant model


 *************** function ___lmul *****************
 Defined at:
		line 15 in file "/opt/microchip/xc8/v1.35/sources/common/Umul32.c"
 Parameters:    Size  Location     Type
  multiplier      4    0[COMRAM] unsigned long 
  multiplicand    4    4[COMRAM] unsigned long 
 Auto vars:     Size  Location     Type
  product         4    8[COMRAM] unsigned long 
 Return value:  Size  Location     Type
                  4    0[COMRAM] unsigned long 
 Registers used:
		wreg, status,2, status,0
 Tracked objects:
		On entry : 
		On exit  : 
		Unchanged: 
 Data sizes:     COMRAM   BANK0   BANK1   BANK2   BANK3   BANK4   BANK5   BANK6   BANK7
      Params:         8       0       0       0       0       0       0       0       0
      Locals:         4       0       0       0       0       0       0       0       0
      Temps:          0       0       0       0       0       0       0       0       0
      Totals:        12       0       0       0       0       0       0       0       0
Total ram usage:       12 bytes
 Hardware stack levels used:    1
 This function calls:
		Nothing
 This function is called by:
		_set_timer
 This function uses a non-reentrant model


 *************** function ___lldiv *****************
 Defined at:
		line 8 in file "/opt/microchip/xc8/v1.35/sources/common/lldiv.c"
 Parameters:    Size  Location     Type
  dividend        4   12[COMRAM] unsigned long 
  divisor         4   16[COMRAM] unsigned long 
 Auto vars:     Size  Location     Type
  quotient        4   20[COMRAM] unsigned long 
  counter         1   24[COMRAM] unsigned char 
 Return value:  Size  Location     Type
                  4   12[COMRAM] unsigned long 
 Registers used:
		wreg, status,2, status,0
 Tracked objects:
		On entry : 
		On exit  : 
		Unchanged: 
 Data sizes:     COMRAM   BANK0   BANK1   BANK2   BANK3   BANK4   BANK5   BANK6   BANK7
      Params:         8       0       0       0       0       0       0       0       0
      Locals:         5       0       0       0       0       0       0       0       0
      Temps:          0       0       0       0       0       0       0       0       0
      Totals:        13       0       0       0       0       0       0       0       0
Total ram usage:       13 bytes
 Hardware stack levels used:    1
 This function calls:
		Nothing
 This function is called by:
		_set_timer
 This function uses a non-reentrant model


 *************** function _set_port *****************
 Defined at:
		line 14 in file "main.c"
 Parameters:    Size  Location     Type
		None
 Auto vars:     Size  Location     Type
		None
 Return value:  Size  Location     Type
		None               void
 Registers used:
		wreg, status,2
 Tracked objects:
		On entry : 
		On exit  : 
		Unchanged: 
 Data sizes:     COMRAM   BANK0   BANK1   BANK2   BANK3   BANK4   BANK5   BANK6   BANK7
      Params:         0       0       0       0       0       0       0       0       0
      Locals:         0       0       0       0       0       0       0       0       0
      Temps:          0       0       0       0       0       0       0       0       0
      Totals:         0       0       0       0       0       0       0       0       0
Total ram usage:        0 bytes
 Hardware stack levels used:    1
 This function calls:
		Nothing
 This function is called by:
		_main
 This function uses a non-reentrant model


 *************** function _set_clock *****************
 Defined at:
		line 20 in file "main.c"
 Parameters:    Size  Location     Type
		None
 Auto vars:     Size  Location     Type
		None
 Return value:  Size  Location     Type
		None               void
 Registers used:
		None
 Tracked objects:
		On entry : 
		On exit  : 
		Unchanged: 
 Data sizes:     COMRAM   BANK0   BANK1   BANK2   BANK3   BANK4   BANK5   BANK6   BANK7
      Params:         0       0       0       0       0       0       0       0       0
      Locals:         0       0       0       0       0       0       0       0       0
      Temps:          0       0       0       0       0       0       0       0       0
      Totals:         0       0       0       0       0       0       0       0       0
Total ram usage:        0 bytes
 Hardware stack levels used:    1
 This function calls:
		Nothing
 This function is called by:
		_main
 This function uses a non-reentrant model


 *************** function _flag_time *****************
 Defined at:
		line 117 in file "timer_0.c"
 Parameters:    Size  Location     Type
		None
 Auto vars:     Size  Location     Type
		None
 Return value:  Size  Location     Type
                  1    wreg      unsigned char 
 Registers used:
		wreg, cstack
 Tracked objects:
		On entry : 
		On exit  : 
		Unchanged: 
 Data sizes:     COMRAM   BANK0   BANK1   BANK2   BANK3   BANK4   BANK5   BANK6   BANK7
      Params:         0       0       0       0       0       0       0       0       0
      Locals:         0       0       0       0       0       0       0       0       0
      Temps:          0       0       0       0       0       0       0       0       0
      Totals:         0       0       0       0       0       0       0       0       0
Total ram usage:        0 bytes
 Hardware stack levels used:    1
 Hardware stack levels required when called:    1
 This function calls:
		_init_timer
		_set_time
 This function is called by:
		_main
 This function uses a non-reentrant model


 *************** function _set_time *****************
 Defined at:
		line 109 in file "timer_0.c"
 Parameters:    Size  Location     Type
		None
 Auto vars:     Size  Location     Type
		None
 Return value:  Size  Location     Type
		None               void
 Registers used:
		None
 Tracked objects:
		On entry : 
		On exit  : 
		Unchanged: 
 Data sizes:     COMRAM   BANK0   BANK1   BANK2   BANK3   BANK4   BANK5   BANK6   BANK7
      Params:         0       0       0       0       0       0       0       0       0
      Locals:         0       0       0       0       0       0       0       0       0
      Temps:          0       0       0       0       0       0       0       0       0
      Totals:         0       0       0       0       0       0       0       0       0
Total ram usage:        0 bytes
 Hardware stack levels used:    1
 This function calls:
		Nothing
 This function is called by:
		_set_timer
		_flag_time
 This function uses a non-reentrant model


 *************** function _init_timer *****************
 Defined at:
		line 113 in file "timer_0.c"
 Parameters:    Size  Location     Type
  state           1    wreg     unsigned char 
 Auto vars:     Size  Location     Type
  state           1    0[COMRAM] unsigned char 
 Return value:  Size  Location     Type
		None               void
 Registers used:
		wreg
 Tracked objects:
		On entry : 
		On exit  : 
		Unchanged: 
 Data sizes:     COMRAM   BANK0   BANK1   BANK2   BANK3   BANK4   BANK5   BANK6   BANK7
      Params:         0       0       0       0       0       0       0       0       0
      Locals:         1       0       0       0       0       0       0       0       0
      Temps:          0       0       0       0       0       0       0       0       0
      Totals:         1       0       0       0       0       0       0       0       0
Total ram usage:        1 bytes
 Hardware stack levels used:    1
 This function calls:
		Nothing
 This function is called by:
		_main
		_flag_time
 This function uses a non-reentrant model



MODULE INFORMATION

Module		Function		Class		Link	Load	Size
/opt/microchip/xc8/v1.35/sources/common/Umul32.c
		___lmul        		CODE           	7AC4	0000	87

/opt/microchip/xc8/v1.35/sources/common/Umul32.c estimated size: 87

timer_0.c
		_init_timer    		CODE           	7A7C	0000	15
		_set_time      		CODE           	7A72	0000	11
		_set_timer     		CODE           	7BF6	0000	1035
		_flag_time     		CODE           	7AAC	0000	25

timer_0.c estimated size: 1086

shared
		__initialization		CODE           	7A98	0000	11

shared estimated size: 11

main.c
		_set_clock     		CODE           	7A6A	0000	9
		_main          		CODE           	7B1A	0000	91
		_set_port      		CODE           	7A8A	0000	15
		_toggle_c      		CODE           	7A62	0000	5
		_toggle_d      		CODE           	7A66	0000	5

main.c estimated size: 125

/opt/microchip/xc8/v1.35/sources/common/lldiv.c
		___lldiv       		CODE           	7B74	0000	131

/opt/microchip/xc8/v1.35/sources/common/lldiv.c estimated size: 131

