MPLINK 5.08, LINKER
Linker Map File - Created Tue Apr 18 15:30:57 2017

                                 Section Info
                  Section       Type    Address   Location Size(Bytes)
                ---------  ---------  ---------  ---------  ---------
                 RES_VECT       code   0x000000    program   0x000002
                   .cinit    romdata   0x000001    program   0x000004
                 INT_VECT       code   0x000004    program   0x000002
                   .org_0       code   0x000005    program   0x00009c
.config_2007_BUILD/DEFAULT/PRODUCTION/MAIN.O       code   0x002007    program   0x000002
.config_2008_BUILD/DEFAULT/PRODUCTION/MAIN.O       code   0x002008    program   0x000002



                              Program Memory Usage 
                               Start         End      
                           ---------   ---------      
                            0x000000    0x000002      
                            0x000004    0x000052      
                            0x002007    0x002008      
            84 out of 8455 program addresses used, program memory utilization is 0%



                              Symbols - Sorted by Name
                     Name    Address   Location    Storage File                     
                ---------  ---------  ---------  --------- ---------                
                      DOS   0x000048    program     static /media/game/c1570faf-5fe1-4385-acf3-e76653d0f11e/mauricio/IDEAS/cursos2017/u_C/u_c/pic16f887/EEPROM/EEPROM/main.asm
                    EREAD   0x000038    program     static /media/game/c1570faf-5fe1-4385-acf3-e76653d0f11e/mauricio/IDEAS/cursos2017/u_C/u_c/pic16f887/EEPROM/EEPROM/main.asm
                   EWRITE   0x000018    program     static /media/game/c1570faf-5fe1-4385-acf3-e76653d0f11e/mauricio/IDEAS/cursos2017/u_C/u_c/pic16f887/EEPROM/EEPROM/main.asm
                    INTER   0x000045    program     static /media/game/c1570faf-5fe1-4385-acf3-e76653d0f11e/mauricio/IDEAS/cursos2017/u_C/u_c/pic16f887/EEPROM/EEPROM/main.asm
                  RETARDO   0x000046    program     static /media/game/c1570faf-5fe1-4385-acf3-e76653d0f11e/mauricio/IDEAS/cursos2017/u_C/u_c/pic16f887/EEPROM/EEPROM/main.asm
                    START   0x000005    program     static /media/game/c1570faf-5fe1-4385-acf3-e76653d0f11e/mauricio/IDEAS/cursos2017/u_C/u_c/pic16f887/EEPROM/EEPROM/main.asm
                      UNO   0x00004a    program     static /media/game/c1570faf-5fe1-4385-acf3-e76653d0f11e/mauricio/IDEAS/cursos2017/u_C/u_c/pic16f887/EEPROM/EEPROM/main.asm
             _.org_0_0017   0x000017    program     static /media/game/c1570faf-5fe1-4385-acf3-e76653d0f11e/mauricio/IDEAS/cursos2017/u_C/u_c/pic16f887/EEPROM/EEPROM/main.asm
             _.org_0_0027   0x000027    program     static /media/game/c1570faf-5fe1-4385-acf3-e76653d0f11e/mauricio/IDEAS/cursos2017/u_C/u_c/pic16f887/EEPROM/EEPROM/main.asm
             _.org_0_0033   0x000033    program     static /media/game/c1570faf-5fe1-4385-acf3-e76653d0f11e/mauricio/IDEAS/cursos2017/u_C/u_c/pic16f887/EEPROM/EEPROM/main.asm
             _.org_0_004D   0x00004d    program     static /media/game/c1570faf-5fe1-4385-acf3-e76653d0f11e/mauricio/IDEAS/cursos2017/u_C/u_c/pic16f887/EEPROM/EEPROM/main.asm



                              Symbols - Sorted by Address
                     Name    Address   Location    Storage File                     
                ---------  ---------  ---------  --------- ---------                
                    START   0x000005    program     static /media/game/c1570faf-5fe1-4385-acf3-e76653d0f11e/mauricio/IDEAS/cursos2017/u_C/u_c/pic16f887/EEPROM/EEPROM/main.asm
             _.org_0_0017   0x000017    program     static /media/game/c1570faf-5fe1-4385-acf3-e76653d0f11e/mauricio/IDEAS/cursos2017/u_C/u_c/pic16f887/EEPROM/EEPROM/main.asm
                   EWRITE   0x000018    program     static /media/game/c1570faf-5fe1-4385-acf3-e76653d0f11e/mauricio/IDEAS/cursos2017/u_C/u_c/pic16f887/EEPROM/EEPROM/main.asm
             _.org_0_0027   0x000027    program     static /media/game/c1570faf-5fe1-4385-acf3-e76653d0f11e/mauricio/IDEAS/cursos2017/u_C/u_c/pic16f887/EEPROM/EEPROM/main.asm
             _.org_0_0033   0x000033    program     static /media/game/c1570faf-5fe1-4385-acf3-e76653d0f11e/mauricio/IDEAS/cursos2017/u_C/u_c/pic16f887/EEPROM/EEPROM/main.asm
                    EREAD   0x000038    program     static /media/game/c1570faf-5fe1-4385-acf3-e76653d0f11e/mauricio/IDEAS/cursos2017/u_C/u_c/pic16f887/EEPROM/EEPROM/main.asm
                    INTER   0x000045    program     static /media/game/c1570faf-5fe1-4385-acf3-e76653d0f11e/mauricio/IDEAS/cursos2017/u_C/u_c/pic16f887/EEPROM/EEPROM/main.asm
                  RETARDO   0x000046    program     static /media/game/c1570faf-5fe1-4385-acf3-e76653d0f11e/mauricio/IDEAS/cursos2017/u_C/u_c/pic16f887/EEPROM/EEPROM/main.asm
                      DOS   0x000048    program     static /media/game/c1570faf-5fe1-4385-acf3-e76653d0f11e/mauricio/IDEAS/cursos2017/u_C/u_c/pic16f887/EEPROM/EEPROM/main.asm
                      UNO   0x00004a    program     static /media/game/c1570faf-5fe1-4385-acf3-e76653d0f11e/mauricio/IDEAS/cursos2017/u_C/u_c/pic16f887/EEPROM/EEPROM/main.asm
             _.org_0_004D   0x00004d    program     static /media/game/c1570faf-5fe1-4385-acf3-e76653d0f11e/mauricio/IDEAS/cursos2017/u_C/u_c/pic16f887/EEPROM/EEPROM/main.asm


