MPLINK 5.08, LINKER
Linker Map File - Created Thu Mar  9 10:28:06 2017

                                 Section Info
                  Section       Type    Address   Location Size(Bytes)
                ---------  ---------  ---------  ---------  ---------
                 RES_VECT       code   0x000000    program   0x000002
                   .cinit    romdata   0x000001    program   0x000004
                   .org_0       code   0x000005    program   0x0000ca
.config_2007_BUILD/DEFAULT/PRODUCTION/MAIN.O       code   0x002007    program   0x000002
.config_2008_BUILD/DEFAULT/PRODUCTION/MAIN.O       code   0x002008    program   0x000002



                              Program Memory Usage 
                               Start         End      
                           ---------   ---------      
                            0x000000    0x000002      
                            0x000005    0x000069      
                            0x002007    0x002008      
            106 out of 8455 program addresses used, program memory utilization is 1%



                              Symbols - Sorted by Name
                     Name    Address   Location    Storage File                     
                ---------  ---------  ---------  --------- ---------                
                     BCCC   0x000049    program     static /media/game/c1570faf-5fe1-4385-acf3-e76653d0f11e/mauricio/IDEAS/cursos2017/u_C/u_c/pic16f887/DIRECIONAMIENTO/ESTEROSCOPICA/main.asm
                     BCDD   0x000047    program     static /media/game/c1570faf-5fe1-4385-acf3-e76653d0f11e/mauricio/IDEAS/cursos2017/u_C/u_c/pic16f887/DIRECIONAMIENTO/ESTEROSCOPICA/main.asm
                    BUCLE   0x000032    program     static /media/game/c1570faf-5fe1-4385-acf3-e76653d0f11e/mauricio/IDEAS/cursos2017/u_C/u_c/pic16f887/DIRECIONAMIENTO/ESTEROSCOPICA/main.asm
                 CONTADOR   0x000052    program     static /media/game/c1570faf-5fe1-4385-acf3-e76653d0f11e/mauricio/IDEAS/cursos2017/u_C/u_c/pic16f887/DIRECIONAMIENTO/ESTEROSCOPICA/main.asm
                      DOS   0x00005f    program     static /media/game/c1570faf-5fe1-4385-acf3-e76653d0f11e/mauricio/IDEAS/cursos2017/u_C/u_c/pic16f887/DIRECIONAMIENTO/ESTEROSCOPICA/main.asm
                      EST   0x00003a    program     static /media/game/c1570faf-5fe1-4385-acf3-e76653d0f11e/mauricio/IDEAS/cursos2017/u_C/u_c/pic16f887/DIRECIONAMIENTO/ESTEROSCOPICA/main.asm
                ESTEROSCO   0x000036    program     static /media/game/c1570faf-5fe1-4385-acf3-e76653d0f11e/mauricio/IDEAS/cursos2017/u_C/u_c/pic16f887/DIRECIONAMIENTO/ESTEROSCOPICA/main.asm
                    MENOR   0x00005b    program     static /media/game/c1570faf-5fe1-4385-acf3-e76653d0f11e/mauricio/IDEAS/cursos2017/u_C/u_c/pic16f887/DIRECIONAMIENTO/ESTEROSCOPICA/main.asm
                  RETARDO   0x00005d    program     static /media/game/c1570faf-5fe1-4385-acf3-e76653d0f11e/mauricio/IDEAS/cursos2017/u_C/u_c/pic16f887/DIRECIONAMIENTO/ESTEROSCOPICA/main.asm
                    START   0x000022    program     static /media/game/c1570faf-5fe1-4385-acf3-e76653d0f11e/mauricio/IDEAS/cursos2017/u_C/u_c/pic16f887/DIRECIONAMIENTO/ESTEROSCOPICA/main.asm
                    TABLA   0x000005    program     static /media/game/c1570faf-5fe1-4385-acf3-e76653d0f11e/mauricio/IDEAS/cursos2017/u_C/u_c/pic16f887/DIRECIONAMIENTO/ESTEROSCOPICA/main.asm
                   TABLA1   0x000017    program     static /media/game/c1570faf-5fe1-4385-acf3-e76653d0f11e/mauricio/IDEAS/cursos2017/u_C/u_c/pic16f887/DIRECIONAMIENTO/ESTEROSCOPICA/main.asm
                      UNO   0x000061    program     static /media/game/c1570faf-5fe1-4385-acf3-e76653d0f11e/mauricio/IDEAS/cursos2017/u_C/u_c/pic16f887/DIRECIONAMIENTO/ESTEROSCOPICA/main.asm
             _.org_0_0035   0x000035    program     static /media/game/c1570faf-5fe1-4385-acf3-e76653d0f11e/mauricio/IDEAS/cursos2017/u_C/u_c/pic16f887/DIRECIONAMIENTO/ESTEROSCOPICA/main.asm
             _.org_0_0064   0x000064    program     static /media/game/c1570faf-5fe1-4385-acf3-e76653d0f11e/mauricio/IDEAS/cursos2017/u_C/u_c/pic16f887/DIRECIONAMIENTO/ESTEROSCOPICA/main.asm



                              Symbols - Sorted by Address
                     Name    Address   Location    Storage File                     
                ---------  ---------  ---------  --------- ---------                
                    TABLA   0x000005    program     static /media/game/c1570faf-5fe1-4385-acf3-e76653d0f11e/mauricio/IDEAS/cursos2017/u_C/u_c/pic16f887/DIRECIONAMIENTO/ESTEROSCOPICA/main.asm
                   TABLA1   0x000017    program     static /media/game/c1570faf-5fe1-4385-acf3-e76653d0f11e/mauricio/IDEAS/cursos2017/u_C/u_c/pic16f887/DIRECIONAMIENTO/ESTEROSCOPICA/main.asm
                    START   0x000022    program     static /media/game/c1570faf-5fe1-4385-acf3-e76653d0f11e/mauricio/IDEAS/cursos2017/u_C/u_c/pic16f887/DIRECIONAMIENTO/ESTEROSCOPICA/main.asm
                    BUCLE   0x000032    program     static /media/game/c1570faf-5fe1-4385-acf3-e76653d0f11e/mauricio/IDEAS/cursos2017/u_C/u_c/pic16f887/DIRECIONAMIENTO/ESTEROSCOPICA/main.asm
             _.org_0_0035   0x000035    program     static /media/game/c1570faf-5fe1-4385-acf3-e76653d0f11e/mauricio/IDEAS/cursos2017/u_C/u_c/pic16f887/DIRECIONAMIENTO/ESTEROSCOPICA/main.asm
                ESTEROSCO   0x000036    program     static /media/game/c1570faf-5fe1-4385-acf3-e76653d0f11e/mauricio/IDEAS/cursos2017/u_C/u_c/pic16f887/DIRECIONAMIENTO/ESTEROSCOPICA/main.asm
                      EST   0x00003a    program     static /media/game/c1570faf-5fe1-4385-acf3-e76653d0f11e/mauricio/IDEAS/cursos2017/u_C/u_c/pic16f887/DIRECIONAMIENTO/ESTEROSCOPICA/main.asm
                     BCDD   0x000047    program     static /media/game/c1570faf-5fe1-4385-acf3-e76653d0f11e/mauricio/IDEAS/cursos2017/u_C/u_c/pic16f887/DIRECIONAMIENTO/ESTEROSCOPICA/main.asm
                     BCCC   0x000049    program     static /media/game/c1570faf-5fe1-4385-acf3-e76653d0f11e/mauricio/IDEAS/cursos2017/u_C/u_c/pic16f887/DIRECIONAMIENTO/ESTEROSCOPICA/main.asm
                 CONTADOR   0x000052    program     static /media/game/c1570faf-5fe1-4385-acf3-e76653d0f11e/mauricio/IDEAS/cursos2017/u_C/u_c/pic16f887/DIRECIONAMIENTO/ESTEROSCOPICA/main.asm
                    MENOR   0x00005b    program     static /media/game/c1570faf-5fe1-4385-acf3-e76653d0f11e/mauricio/IDEAS/cursos2017/u_C/u_c/pic16f887/DIRECIONAMIENTO/ESTEROSCOPICA/main.asm
                  RETARDO   0x00005d    program     static /media/game/c1570faf-5fe1-4385-acf3-e76653d0f11e/mauricio/IDEAS/cursos2017/u_C/u_c/pic16f887/DIRECIONAMIENTO/ESTEROSCOPICA/main.asm
                      DOS   0x00005f    program     static /media/game/c1570faf-5fe1-4385-acf3-e76653d0f11e/mauricio/IDEAS/cursos2017/u_C/u_c/pic16f887/DIRECIONAMIENTO/ESTEROSCOPICA/main.asm
                      UNO   0x000061    program     static /media/game/c1570faf-5fe1-4385-acf3-e76653d0f11e/mauricio/IDEAS/cursos2017/u_C/u_c/pic16f887/DIRECIONAMIENTO/ESTEROSCOPICA/main.asm
             _.org_0_0064   0x000064    program     static /media/game/c1570faf-5fe1-4385-acf3-e76653d0f11e/mauricio/IDEAS/cursos2017/u_C/u_c/pic16f887/DIRECIONAMIENTO/ESTEROSCOPICA/main.asm


