MPLINK 5.08, LINKER
Linker Map File - Created Tue Mar 28 23:14:49 2017

                                 Section Info
                  Section       Type    Address   Location Size(Bytes)
                ---------  ---------  ---------  ---------  ---------
                 RES_VECT       code   0x000000    program   0x000002
                   .cinit    romdata   0x000001    program   0x000004
                   .org_0       code   0x000005    program   0x000110
.config_2007_BUILD/DEFAULT/PRODUCTION/MAIN.O       code   0x002007    program   0x000002
.config_2008_BUILD/DEFAULT/PRODUCTION/MAIN.O       code   0x002008    program   0x000002



                              Program Memory Usage 
                               Start         End      
                           ---------   ---------      
                            0x000000    0x000002      
                            0x000005    0x00008c      
                            0x002007    0x002008      
            141 out of 8455 program addresses used, program memory utilization is 1%



                              Symbols - Sorted by Name
                     Name    Address   Location    Storage File                     
                ---------  ---------  ---------  --------- ---------                
                    BUCLE   0x000049    program     static /media/game/c1570faf-5fe1-4385-acf3-e76653d0f11e/mauricio/IDEAS/cursos2017/u_C/u_c/pic16f887/LCD/LCD4BIT/main.asm
                  COMAND4   0x00005c    program     static /media/game/c1570faf-5fe1-4385-acf3-e76653d0f11e/mauricio/IDEAS/cursos2017/u_C/u_c/pic16f887/LCD/LCD4BIT/main.asm
                    DATO4   0x00005e    program     static /media/game/c1570faf-5fe1-4385-acf3-e76653d0f11e/mauricio/IDEAS/cursos2017/u_C/u_c/pic16f887/LCD/LCD4BIT/main.asm
                      DOS   0x000075    program     static /media/game/c1570faf-5fe1-4385-acf3-e76653d0f11e/mauricio/IDEAS/cursos2017/u_C/u_c/pic16f887/LCD/LCD4BIT/main.asm
                       L1   0x00004c    program     static /media/game/c1570faf-5fe1-4385-acf3-e76653d0f11e/mauricio/IDEAS/cursos2017/u_C/u_c/pic16f887/LCD/LCD4BIT/main.asm
                       L2   0x000055    program     static /media/game/c1570faf-5fe1-4385-acf3-e76653d0f11e/mauricio/IDEAS/cursos2017/u_C/u_c/pic16f887/LCD/LCD4BIT/main.asm
                     LIN1   0x000005    program     static /media/game/c1570faf-5fe1-4385-acf3-e76653d0f11e/mauricio/IDEAS/cursos2017/u_C/u_c/pic16f887/LCD/LCD4BIT/main.asm
                     LIN2   0x000019    program     static /media/game/c1570faf-5fe1-4385-acf3-e76653d0f11e/mauricio/IDEAS/cursos2017/u_C/u_c/pic16f887/LCD/LCD4BIT/main.asm
                  RETARDO   0x000073    program     static /media/game/c1570faf-5fe1-4385-acf3-e76653d0f11e/mauricio/IDEAS/cursos2017/u_C/u_c/pic16f887/LCD/LCD4BIT/main.asm
                   RETLCD   0x000080    program     static /media/game/c1570faf-5fe1-4385-acf3-e76653d0f11e/mauricio/IDEAS/cursos2017/u_C/u_c/pic16f887/LCD/LCD4BIT/main.asm
                  RETLCD1   0x000082    program     static /media/game/c1570faf-5fe1-4385-acf3-e76653d0f11e/mauricio/IDEAS/cursos2017/u_C/u_c/pic16f887/LCD/LCD4BIT/main.asm
                    START   0x00002d    program     static /media/game/c1570faf-5fe1-4385-acf3-e76653d0f11e/mauricio/IDEAS/cursos2017/u_C/u_c/pic16f887/LCD/LCD4BIT/main.asm
                      UNO   0x000077    program     static /media/game/c1570faf-5fe1-4385-acf3-e76653d0f11e/mauricio/IDEAS/cursos2017/u_C/u_c/pic16f887/LCD/LCD4BIT/main.asm
             _.org_0_005B   0x00005b    program     static /media/game/c1570faf-5fe1-4385-acf3-e76653d0f11e/mauricio/IDEAS/cursos2017/u_C/u_c/pic16f887/LCD/LCD4BIT/main.asm
             _.org_0_005D   0x00005d    program     static /media/game/c1570faf-5fe1-4385-acf3-e76653d0f11e/mauricio/IDEAS/cursos2017/u_C/u_c/pic16f887/LCD/LCD4BIT/main.asm
             _.org_0_007A   0x00007a    program     static /media/game/c1570faf-5fe1-4385-acf3-e76653d0f11e/mauricio/IDEAS/cursos2017/u_C/u_c/pic16f887/LCD/LCD4BIT/main.asm



                              Symbols - Sorted by Address
                     Name    Address   Location    Storage File                     
                ---------  ---------  ---------  --------- ---------                
                     LIN1   0x000005    program     static /media/game/c1570faf-5fe1-4385-acf3-e76653d0f11e/mauricio/IDEAS/cursos2017/u_C/u_c/pic16f887/LCD/LCD4BIT/main.asm
                     LIN2   0x000019    program     static /media/game/c1570faf-5fe1-4385-acf3-e76653d0f11e/mauricio/IDEAS/cursos2017/u_C/u_c/pic16f887/LCD/LCD4BIT/main.asm
                    START   0x00002d    program     static /media/game/c1570faf-5fe1-4385-acf3-e76653d0f11e/mauricio/IDEAS/cursos2017/u_C/u_c/pic16f887/LCD/LCD4BIT/main.asm
                    BUCLE   0x000049    program     static /media/game/c1570faf-5fe1-4385-acf3-e76653d0f11e/mauricio/IDEAS/cursos2017/u_C/u_c/pic16f887/LCD/LCD4BIT/main.asm
                       L1   0x00004c    program     static /media/game/c1570faf-5fe1-4385-acf3-e76653d0f11e/mauricio/IDEAS/cursos2017/u_C/u_c/pic16f887/LCD/LCD4BIT/main.asm
                       L2   0x000055    program     static /media/game/c1570faf-5fe1-4385-acf3-e76653d0f11e/mauricio/IDEAS/cursos2017/u_C/u_c/pic16f887/LCD/LCD4BIT/main.asm
             _.org_0_005B   0x00005b    program     static /media/game/c1570faf-5fe1-4385-acf3-e76653d0f11e/mauricio/IDEAS/cursos2017/u_C/u_c/pic16f887/LCD/LCD4BIT/main.asm
                  COMAND4   0x00005c    program     static /media/game/c1570faf-5fe1-4385-acf3-e76653d0f11e/mauricio/IDEAS/cursos2017/u_C/u_c/pic16f887/LCD/LCD4BIT/main.asm
             _.org_0_005D   0x00005d    program     static /media/game/c1570faf-5fe1-4385-acf3-e76653d0f11e/mauricio/IDEAS/cursos2017/u_C/u_c/pic16f887/LCD/LCD4BIT/main.asm
                    DATO4   0x00005e    program     static /media/game/c1570faf-5fe1-4385-acf3-e76653d0f11e/mauricio/IDEAS/cursos2017/u_C/u_c/pic16f887/LCD/LCD4BIT/main.asm
                  RETARDO   0x000073    program     static /media/game/c1570faf-5fe1-4385-acf3-e76653d0f11e/mauricio/IDEAS/cursos2017/u_C/u_c/pic16f887/LCD/LCD4BIT/main.asm
                      DOS   0x000075    program     static /media/game/c1570faf-5fe1-4385-acf3-e76653d0f11e/mauricio/IDEAS/cursos2017/u_C/u_c/pic16f887/LCD/LCD4BIT/main.asm
                      UNO   0x000077    program     static /media/game/c1570faf-5fe1-4385-acf3-e76653d0f11e/mauricio/IDEAS/cursos2017/u_C/u_c/pic16f887/LCD/LCD4BIT/main.asm
             _.org_0_007A   0x00007a    program     static /media/game/c1570faf-5fe1-4385-acf3-e76653d0f11e/mauricio/IDEAS/cursos2017/u_C/u_c/pic16f887/LCD/LCD4BIT/main.asm
                   RETLCD   0x000080    program     static /media/game/c1570faf-5fe1-4385-acf3-e76653d0f11e/mauricio/IDEAS/cursos2017/u_C/u_c/pic16f887/LCD/LCD4BIT/main.asm
                  RETLCD1   0x000082    program     static /media/game/c1570faf-5fe1-4385-acf3-e76653d0f11e/mauricio/IDEAS/cursos2017/u_C/u_c/pic16f887/LCD/LCD4BIT/main.asm


