MPLINK 5.08, LINKER
Linker Map File - Created Thu Apr 13 20:48:14 2017

                                 Section Info
                  Section       Type    Address   Location Size(Bytes)
                ---------  ---------  ---------  ---------  ---------
                 RES_VECT       code   0x000000    program   0x000002
                   .cinit    romdata   0x000001    program   0x000004
                   .org_0       code   0x000005    program   0x0000e0
                   .org_1       code   0x001000    program   0x0000a2
.config_2007_BUILD/DEFAULT/PRODUCTION/MAIN.O       code   0x002007    program   0x000002
.config_2008_BUILD/DEFAULT/PRODUCTION/MAIN.O       code   0x002008    program   0x000002



                              Program Memory Usage 
                               Start         End      
                           ---------   ---------      
                            0x000000    0x000002      
                            0x000005    0x000074      
                            0x001000    0x001050      
                            0x002007    0x002008      
            198 out of 8455 program addresses used, program memory utilization is 2%



                              Symbols - Sorted by Name
                     Name    Address   Location    Storage File                     
                ---------  ---------  ---------  --------- ---------                
                     BCCC   0x000054    program     static /media/game/c1570faf-5fe1-4385-acf3-e76653d0f11e/mauricio/IDEAS/cursos2017/u_C/u_c/pic16f887/PUBLIC_MATRIZ/main.asm
                     BCDD   0x000052    program     static /media/game/c1570faf-5fe1-4385-acf3-e76653d0f11e/mauricio/IDEAS/cursos2017/u_C/u_c/pic16f887/PUBLIC_MATRIZ/main.asm
                 CONTADOR   0x00005d    program     static /media/game/c1570faf-5fe1-4385-acf3-e76653d0f11e/mauricio/IDEAS/cursos2017/u_C/u_c/pic16f887/PUBLIC_MATRIZ/main.asm
                       DD   0x00000f    program     static /media/game/c1570faf-5fe1-4385-acf3-e76653d0f11e/mauricio/IDEAS/cursos2017/u_C/u_c/pic16f887/PUBLIC_MATRIZ/main.asm
                     DIRE   0x000043    program     static /media/game/c1570faf-5fe1-4385-acf3-e76653d0f11e/mauricio/IDEAS/cursos2017/u_C/u_c/pic16f887/PUBLIC_MATRIZ/main.asm
                      DOS   0x00006a    program     static /media/game/c1570faf-5fe1-4385-acf3-e76653d0f11e/mauricio/IDEAS/cursos2017/u_C/u_c/pic16f887/PUBLIC_MATRIZ/main.asm
                   ESTADO   0x00004d    program     static /media/game/c1570faf-5fe1-4385-acf3-e76653d0f11e/mauricio/IDEAS/cursos2017/u_C/u_c/pic16f887/PUBLIC_MATRIZ/main.asm
                       FF   0x00001a    program     static /media/game/c1570faf-5fe1-4385-acf3-e76653d0f11e/mauricio/IDEAS/cursos2017/u_C/u_c/pic16f887/PUBLIC_MATRIZ/main.asm
                    INCDD   0x00001d    program     static /media/game/c1570faf-5fe1-4385-acf3-e76653d0f11e/mauricio/IDEAS/cursos2017/u_C/u_c/pic16f887/PUBLIC_MATRIZ/main.asm
                  INI74HC   0x000033    program     static /media/game/c1570faf-5fe1-4385-acf3-e76653d0f11e/mauricio/IDEAS/cursos2017/u_C/u_c/pic16f887/PUBLIC_MATRIZ/main.asm
                    L74HC   0x00002a    program     static /media/game/c1570faf-5fe1-4385-acf3-e76653d0f11e/mauricio/IDEAS/cursos2017/u_C/u_c/pic16f887/PUBLIC_MATRIZ/main.asm
                  L_TABLA   0x00003b    program     static /media/game/c1570faf-5fe1-4385-acf3-e76653d0f11e/mauricio/IDEAS/cursos2017/u_C/u_c/pic16f887/PUBLIC_MATRIZ/main.asm
                    MENOR   0x000066    program     static /media/game/c1570faf-5fe1-4385-acf3-e76653d0f11e/mauricio/IDEAS/cursos2017/u_C/u_c/pic16f887/PUBLIC_MATRIZ/main.asm
                    MULTI   0x00004b    program     static /media/game/c1570faf-5fe1-4385-acf3-e76653d0f11e/mauricio/IDEAS/cursos2017/u_C/u_c/pic16f887/PUBLIC_MATRIZ/main.asm
                  NUMEROS   0x001000    program     static /media/game/c1570faf-5fe1-4385-acf3-e76653d0f11e/mauricio/IDEAS/cursos2017/u_C/u_c/pic16f887/PUBLIC_MATRIZ/main.asm
                  RETARDO   0x000068    program     static /media/game/c1570faf-5fe1-4385-acf3-e76653d0f11e/mauricio/IDEAS/cursos2017/u_C/u_c/pic16f887/PUBLIC_MATRIZ/main.asm
                    START   0x000005    program     static /media/game/c1570faf-5fe1-4385-acf3-e76653d0f11e/mauricio/IDEAS/cursos2017/u_C/u_c/pic16f887/PUBLIC_MATRIZ/main.asm
                      TAL   0x000026    program     static /media/game/c1570faf-5fe1-4385-acf3-e76653d0f11e/mauricio/IDEAS/cursos2017/u_C/u_c/pic16f887/PUBLIC_MATRIZ/main.asm
                      UNO   0x00006c    program     static /media/game/c1570faf-5fe1-4385-acf3-e76653d0f11e/mauricio/IDEAS/cursos2017/u_C/u_c/pic16f887/PUBLIC_MATRIZ/main.asm
             _.org_0_0011   0x000011    program     static /media/game/c1570faf-5fe1-4385-acf3-e76653d0f11e/mauricio/IDEAS/cursos2017/u_C/u_c/pic16f887/PUBLIC_MATRIZ/main.asm
             _.org_0_0029   0x000029    program     static /media/game/c1570faf-5fe1-4385-acf3-e76653d0f11e/mauricio/IDEAS/cursos2017/u_C/u_c/pic16f887/PUBLIC_MATRIZ/main.asm
             _.org_0_002C   0x00002c    program     static /media/game/c1570faf-5fe1-4385-acf3-e76653d0f11e/mauricio/IDEAS/cursos2017/u_C/u_c/pic16f887/PUBLIC_MATRIZ/main.asm
             _.org_0_0050   0x000050    program     static /media/game/c1570faf-5fe1-4385-acf3-e76653d0f11e/mauricio/IDEAS/cursos2017/u_C/u_c/pic16f887/PUBLIC_MATRIZ/main.asm
             _.org_0_006F   0x00006f    program     static /media/game/c1570faf-5fe1-4385-acf3-e76653d0f11e/mauricio/IDEAS/cursos2017/u_C/u_c/pic16f887/PUBLIC_MATRIZ/main.asm



                              Symbols - Sorted by Address
                     Name    Address   Location    Storage File                     
                ---------  ---------  ---------  --------- ---------                
                    START   0x000005    program     static /media/game/c1570faf-5fe1-4385-acf3-e76653d0f11e/mauricio/IDEAS/cursos2017/u_C/u_c/pic16f887/PUBLIC_MATRIZ/main.asm
                       DD   0x00000f    program     static /media/game/c1570faf-5fe1-4385-acf3-e76653d0f11e/mauricio/IDEAS/cursos2017/u_C/u_c/pic16f887/PUBLIC_MATRIZ/main.asm
             _.org_0_0011   0x000011    program     static /media/game/c1570faf-5fe1-4385-acf3-e76653d0f11e/mauricio/IDEAS/cursos2017/u_C/u_c/pic16f887/PUBLIC_MATRIZ/main.asm
                       FF   0x00001a    program     static /media/game/c1570faf-5fe1-4385-acf3-e76653d0f11e/mauricio/IDEAS/cursos2017/u_C/u_c/pic16f887/PUBLIC_MATRIZ/main.asm
                    INCDD   0x00001d    program     static /media/game/c1570faf-5fe1-4385-acf3-e76653d0f11e/mauricio/IDEAS/cursos2017/u_C/u_c/pic16f887/PUBLIC_MATRIZ/main.asm
                      TAL   0x000026    program     static /media/game/c1570faf-5fe1-4385-acf3-e76653d0f11e/mauricio/IDEAS/cursos2017/u_C/u_c/pic16f887/PUBLIC_MATRIZ/main.asm
             _.org_0_0029   0x000029    program     static /media/game/c1570faf-5fe1-4385-acf3-e76653d0f11e/mauricio/IDEAS/cursos2017/u_C/u_c/pic16f887/PUBLIC_MATRIZ/main.asm
                    L74HC   0x00002a    program     static /media/game/c1570faf-5fe1-4385-acf3-e76653d0f11e/mauricio/IDEAS/cursos2017/u_C/u_c/pic16f887/PUBLIC_MATRIZ/main.asm
             _.org_0_002C   0x00002c    program     static /media/game/c1570faf-5fe1-4385-acf3-e76653d0f11e/mauricio/IDEAS/cursos2017/u_C/u_c/pic16f887/PUBLIC_MATRIZ/main.asm
                  INI74HC   0x000033    program     static /media/game/c1570faf-5fe1-4385-acf3-e76653d0f11e/mauricio/IDEAS/cursos2017/u_C/u_c/pic16f887/PUBLIC_MATRIZ/main.asm
                  L_TABLA   0x00003b    program     static /media/game/c1570faf-5fe1-4385-acf3-e76653d0f11e/mauricio/IDEAS/cursos2017/u_C/u_c/pic16f887/PUBLIC_MATRIZ/main.asm
                     DIRE   0x000043    program     static /media/game/c1570faf-5fe1-4385-acf3-e76653d0f11e/mauricio/IDEAS/cursos2017/u_C/u_c/pic16f887/PUBLIC_MATRIZ/main.asm
                    MULTI   0x00004b    program     static /media/game/c1570faf-5fe1-4385-acf3-e76653d0f11e/mauricio/IDEAS/cursos2017/u_C/u_c/pic16f887/PUBLIC_MATRIZ/main.asm
                   ESTADO   0x00004d    program     static /media/game/c1570faf-5fe1-4385-acf3-e76653d0f11e/mauricio/IDEAS/cursos2017/u_C/u_c/pic16f887/PUBLIC_MATRIZ/main.asm
             _.org_0_0050   0x000050    program     static /media/game/c1570faf-5fe1-4385-acf3-e76653d0f11e/mauricio/IDEAS/cursos2017/u_C/u_c/pic16f887/PUBLIC_MATRIZ/main.asm
                     BCDD   0x000052    program     static /media/game/c1570faf-5fe1-4385-acf3-e76653d0f11e/mauricio/IDEAS/cursos2017/u_C/u_c/pic16f887/PUBLIC_MATRIZ/main.asm
                     BCCC   0x000054    program     static /media/game/c1570faf-5fe1-4385-acf3-e76653d0f11e/mauricio/IDEAS/cursos2017/u_C/u_c/pic16f887/PUBLIC_MATRIZ/main.asm
                 CONTADOR   0x00005d    program     static /media/game/c1570faf-5fe1-4385-acf3-e76653d0f11e/mauricio/IDEAS/cursos2017/u_C/u_c/pic16f887/PUBLIC_MATRIZ/main.asm
                    MENOR   0x000066    program     static /media/game/c1570faf-5fe1-4385-acf3-e76653d0f11e/mauricio/IDEAS/cursos2017/u_C/u_c/pic16f887/PUBLIC_MATRIZ/main.asm
                  RETARDO   0x000068    program     static /media/game/c1570faf-5fe1-4385-acf3-e76653d0f11e/mauricio/IDEAS/cursos2017/u_C/u_c/pic16f887/PUBLIC_MATRIZ/main.asm
                      DOS   0x00006a    program     static /media/game/c1570faf-5fe1-4385-acf3-e76653d0f11e/mauricio/IDEAS/cursos2017/u_C/u_c/pic16f887/PUBLIC_MATRIZ/main.asm
                      UNO   0x00006c    program     static /media/game/c1570faf-5fe1-4385-acf3-e76653d0f11e/mauricio/IDEAS/cursos2017/u_C/u_c/pic16f887/PUBLIC_MATRIZ/main.asm
             _.org_0_006F   0x00006f    program     static /media/game/c1570faf-5fe1-4385-acf3-e76653d0f11e/mauricio/IDEAS/cursos2017/u_C/u_c/pic16f887/PUBLIC_MATRIZ/main.asm
                  NUMEROS   0x001000    program     static /media/game/c1570faf-5fe1-4385-acf3-e76653d0f11e/mauricio/IDEAS/cursos2017/u_C/u_c/pic16f887/PUBLIC_MATRIZ/main.asm


